[offer.wuzutech.com/wuzutech/herzp1smartring/en/us/int24904.html]
[backblue.gif]
[fade.gif]
[index.html]
[offer.wuzutech.com/wuzutech/herzp1smartring/en/us/images/favicon.png]
[offer.wuzutech.com/wuzutech/herzp1smartring/en/us/images/favicon-herzp.png]
[offer.wuzutech.com/wuzutech/herzp1smartring/en/us/css/reset.css]
[offer.wuzutech.com/wuzutech/herzp1smartring/en/us/css/int4cro.css]
[offer.wuzutech.com/wuzutech/herzp1smartring/en/us/css/black-friday-banner.css]
[offer.wuzutech.com/wuzutech/herzp1smartring/en/us/GET]
[offer.wuzutech.com/wuzutech/herzp1smartring/en/us/images/logo.svg]
[offer.wuzutech.com/wuzutech/herzp1smartring/en/us/images/USA-flag.png]
[offer.wuzutech.com/wuzutech/herzp1smartring/en/us/images/5-stars.svg]
[offer.wuzutech.com/wuzutech/herzp1smartring/en/us/images/Herz_1A.webp]
[offer.wuzutech.com/wuzutech/herzp1smartring/en/us/video/Herz 1A.mp4]
[offer.wuzutech.com/wuzutech/herzp1smartring/en/us/video/Herz1A-16-9.mp4]
[offer.wuzutech.com/wuzutech/herzp1smartring/en/us/images/90-day-guarantee.svg]
[offer.wuzutech.com/wuzutech/herzp1smartring/en/us/images/gina-williams.png]
[offer.wuzutech.com/wuzutech/herzp1smartring/en/us/images/icon-features-clock.svg]
[offer.wuzutech.com/wuzutech/herzp1smartring/en/us/images/icon-features-calender.svg]
[offer.wuzutech.com/wuzutech/herzp1smartring/en/us/images/icon-features-waterproof.svg]
[offer.wuzutech.com/wuzutech/herzp1smartring/en/us/images/icon-features-no-subscription.svg]
[offer.wuzutech.com/wuzutech/herzp1smartring/en/us/images/icon-features-compatible.svg]
[offer.wuzutech.com/wuzutech/herzp1smartring/en/us/images/overview-bg-img-1-mb.jpg]
[offer.wuzutech.com/wuzutech/herzp1smartring/en/us/images/overview-bg-img-1-lg.jpg]
[offer.wuzutech.com/wuzutech/herzp1smartring/en/us/images/overview-bg-img-1-xl.jpg]
[offer.wuzutech.com/wuzutech/herzp1smartring/en/us/images/screen-sleep-stress-mb.png]
[offer.wuzutech.com/wuzutech/herzp1smartring/en/us/images/screen-sleep-stress-dt.png]
[offer.wuzutech.com/wuzutech/herzp1smartring/en/us/images/screen-sleep-stress-dt.png.png]
[offer.wuzutech.com/wuzutech/herzp1smartring/en/us/images/overview-bg-img-2-mb.jpg]
[offer.wuzutech.com/wuzutech/herzp1smartring/en/us/images/overview-bg-img-2-xl.jpg]
[offer.wuzutech.com/wuzutech/herzp1smartring/en/us/images/screen-sleep-quality-mb.png]
[offer.wuzutech.com/wuzutech/herzp1smartring/en/us/images/screen-sleep-quality-dt.png]
[offer.wuzutech.com/wuzutech/herzp1smartring/en/us/images/screen-sleep-heart-mb.jpg]
[offer.wuzutech.com/wuzutech/herzp1smartring/en/us/images/screen-sleep-heart-mb.webp]
[offer.wuzutech.com/wuzutech/herzp1smartring/en/us/images/product-black-ring-mb.png]
[offer.wuzutech.com/wuzutech/herzp1smartring/en/us/images/product-black-ring-dt.png]
[offer.wuzutech.com/wuzutech/herzp1smartring/en/us/images/overview-bg-img-3-mb.jpg]
[offer.wuzutech.com/wuzutech/herzp1smartring/en/us/images/overview-bg-img-3-lg.jpg]
[offer.wuzutech.com/wuzutech/herzp1smartring/en/us/images/overview-bg-img-3-xl.jpg]
[offer.wuzutech.com/wuzutech/herzp1smartring/en/us/images/screen-good-morning-mb.png]
[offer.wuzutech.com/wuzutech/herzp1smartring/en/us/images/screen-good-morning-dt.png]
[offer.wuzutech.com/wuzutech/herzp1smartring/en/us/images/overview-bg-img-4-mb.jpg]
[offer.wuzutech.com/wuzutech/herzp1smartring/en/us/images/overview-bg-img-4-xl.jpg]
[offer.wuzutech.com/wuzutech/herzp1smartring/en/us/images/overview-bg-img-5-mb.jpg]
[offer.wuzutech.com/wuzutech/herzp1smartring/en/us/images/overview-bg-img-5-xl.jpg]
[offer.wuzutech.com/wuzutech/herzp1smartring/en/us/images/benefits-bg-img-1-mb.jpg]
[offer.wuzutech.com/wuzutech/herzp1smartring/en/us/images/benefits-bg-img-1-xl.jpg]
[offer.wuzutech.com/wuzutech/herzp1smartring/en/us/images/benefits-bg-img-2-mb.jpg]
[offer.wuzutech.com/wuzutech/herzp1smartring/en/us/images/benefits-bg-img-2-xl.jpg]
[offer.wuzutech.com/wuzutech/herzp1smartring/en/us/images/benefits-bg-img-3-mb.jpg]
[offer.wuzutech.com/wuzutech/herzp1smartring/en/us/images/benefits-bg-img-3-xl.jpg]
[offer.wuzutech.com/wuzutech/herzp1smartring/en/us/video/unboxing-desktop.mp4]
[offer.wuzutech.com/wuzutech/herzp1smartring/en/us/video/unboxing-mobile.mp4]
[offer.wuzutech.com/wuzutech/herzp1smartring/en/us/images/ring-variant-midnight-black.png]
[offer.wuzutech.com/wuzutech/herzp1smartring/en/us/images/ring-variant-silver-spark.png]
[offer.wuzutech.com/wuzutech/herzp1smartring/en/us/images/ring-variant-rose-gold.png]
[offer.wuzutech.com/wuzutech/herzp1smartring/en/us/images/ring-variant-sunrise-gold.png]
[offer.wuzutech.com/wuzutech/herzp1smartring/en/us/images/comparison-smart-ring.png]
[offer.wuzutech.com/wuzutech/herzp1smartring/en/us/images/logo-white.svg]
[offer.wuzutech.com/wuzutech/herzp1smartring/en/us/images/comparison-smart-watch-dt.png]
[offer.wuzutech.com/wuzutech/herzp1smartring/en/us/images/4,5-stars.svg]
[offer.wuzutech.com/wuzutech/herzp1smartring/en/us/images/review-photo-1b.jpg]
[offer.wuzutech.com/wuzutech/herzp1smartring/en/us/images/review-photo-2b.jpg]
[offer.wuzutech.com/wuzutech/herzp1smartring/en/us/images/review-photo-3b.jpg]
[offer.wuzutech.com/wuzutech/herzp1smartring/en/us/images/review-photo-4.jpg]
[offer.wuzutech.com/wuzutech/herzp1smartring/en/us/images/review-photo-5b.jpg]
[offer.wuzutech.com/wuzutech/herzp1smartring/en/us/images/review-photo-6b.jpg]
[offer.wuzutech.com/wuzutech/herzp1smartring/en/us/images/offer-image-dt.jpg]
[offer.wuzutech.com/wuzutech/herzp1smartring/en/us/images/chris-m.webp]
[offer.wuzutech.com/wuzutech/herzp1smartring/en/us/images/logo-herzp1smartring-by-wuzutech.svg]
[offer.wuzutech.com/wuzutech/herzp1smartring/en/us/js/campaign.js]
[offer.wuzutech.com/wuzutech/herzp1smartring/en/us/js/black-friday-countdown.js]
[offer.wuzutech.com/wuzutech/herzp1smartring/en/us/int24904.html]
[offer.wuzutech.com/wuzutech/herzp1smartring/en/us/css/reset.css]
[offer.wuzutech.com/wuzutech/herzp1smartring/en/us/images/icon-arrow-right.svg]
[offer.wuzutech.com/wuzutech/herzp1smartring/en/us/images/icon-checkmark-details.svg]
[offer.wuzutech.com/wuzutech/herzp1smartring/en/us/images/icon-comparison-checkmark.svg]
[offer.wuzutech.com/wuzutech/herzp1smartring/en/us/images/icon-comparison-crossmark.svg]
[offer.wuzutech.com/wuzutech/herzp1smartring/en/us/css/int4cro.css]
[offer.wuzutech.com/wuzutech/herzp1smartring/en/us/css/black-friday-banner.css]
[offer.wuzutech.com/wuzutech/herzp1smartring/en/us/GET.html]
[offer.wuzutech.com/wuzutech/herzp1smartring/en/us/images/logo.svg]
[offer.wuzutech.com/wuzutech/herzp1smartring/en/us/images/5-stars.svg]
[offer.wuzutech.com/wuzutech/herzp1smartring/en/us/images/90-day-guarantee.svg]
[offer.wuzutech.com/wuzutech/herzp1smartring/en/us/images/icon-features-clock.svg]
[offer.wuzutech.com/wuzutech/herzp1smartring/en/us/images/icon-features-calender.svg]
[offer.wuzutech.com/wuzutech/herzp1smartring/en/us/images/icon-features-waterproof.svg]
[offer.wuzutech.com/wuzutech/herzp1smartring/en/us/images/icon-features-no-subscription.svg]
[offer.wuzutech.com/wuzutech/herzp1smartring/en/us/images/icon-features-compatible.svg]
[offer.wuzutech.com/wuzutech/herzp1smartring/en/us/images/screen-sleep-stress-dt.png.html]
[offer.wuzutech.com/wuzutech/herzp1smartring/en/us/images/screen-sleep-heart-mb.html]
[offer.wuzutech.com/wuzutech/herzp1smartring/en/us/images/comparison-smart-ring.html]
[offer.wuzutech.com/wuzutech/herzp1smartring/en/us/images/logo-white.svg]
[offer.wuzutech.com/wuzutech/herzp1smartring/en/us/images/4,5-stars.svg]
[offer.wuzutech.com/wuzutech/herzp1smartring/en/us/images/logo-herzp1smartring-by-wuzutech.svg]
[offer.wuzutech.com/wuzutech/herzp1smartring/en/us/images/icon-arrow-right.svg]
[offer.wuzutech.com/wuzutech/herzp1smartring/en/us/images/icon-checkmark-details.svg]
[offer.wuzutech.com/wuzutech/herzp1smartring/en/us/images/icon-comparison-checkmark.svg]
[offer.wuzutech.com/wuzutech/herzp1smartring/en/us/images/icon-comparison-crossmark.svg]
